12:14:14 - INFO - app.py - START
12:14:14 - INFO - app.py - App Logger: Logging configuration is complete.
12:14:14 - INFO - background.py - Background: User has triggered the SuperMastermind.exe application.
12:14:14 - INFO - background.py - Background: SuperMastermind application has started running.
12:14:14 - INFO - main_window.py - UI: Main Window instantiated.
12:14:14 - INFO - system_decoder.py - Util: SystemDecoder initialized.
12:14:15 - INFO - background.py - Util: Converting relative path to absolute path...
12:14:15 - INFO - background.py - Util: Converted relative path to absolute path for the asset.
12:14:15 - INFO - background.py - Util: Converting relative path to absolute path...
12:14:15 - INFO - background.py - Util: Converted relative path to absolute path for the asset.
12:14:15 - INFO - background.py - Util: Converting relative path to absolute path...
12:14:15 - INFO - background.py - Util: Converted relative path to absolute path for the asset.
12:14:15 - INFO - background.py - Util: Converting relative path to absolute path...
12:14:15 - INFO - background.py - Util: Converted relative path to absolute path for the asset.
12:14:15 - INFO - background.py - Util: Converting relative path to absolute path...
12:14:15 - INFO - background.py - Util: Converted relative path to absolute path for the asset.
12:14:15 - INFO - background.py - Util: Converting relative path to absolute path...
12:14:15 - INFO - background.py - Util: Converted relative path to absolute path for the asset.
12:14:15 - INFO - background.py - Util: Converting relative path to absolute path...
12:14:15 - INFO - background.py - Util: Converted relative path to absolute path for the asset.
12:14:15 - INFO - background.py - Util: Converting relative path to absolute path...
12:14:15 - INFO - background.py - Util: Converted relative path to absolute path for the asset.
12:14:15 - INFO - main_window.py - UI: Initialized App-state Variables.
12:14:15 - INFO - main_window.py - UI: Initialized UI Display.
12:14:15 - INFO - main_window.py - UI Display: Created Game Layout - Main Panel.
12:14:15 - INFO - main_window.py - ---
12:14:15 - INFO - main_window.py - UI Handler: Handling home screen display >>>
12:14:15 - INFO - main_window.py - UI Handler: Cleared the Main Panel area.
12:14:15 - INFO - system_decoder.py - Util: SystemDecoder initialized.
12:14:15 - INFO - main_window.py - UI Handler: Completed resetting the App-State Variables.
12:14:15 - INFO - main_window.py - UI Handler: Completed handling home screen display <<<
12:14:15 - INFO - main_window.py - ---
12:14:16 - INFO - main_window.py - UI Display: Rendering home screen display...
12:14:16 - INFO - background.py - UI Background: Loading background image for HOME screen...
12:14:16 - INFO - background.py - Util: Converting relative path to absolute path...
12:14:16 - INFO - background.py - Util: Converted relative path to absolute path for the asset.
12:14:16 - INFO - background.py - UI Background: Loaded background image for HOME screen.
12:14:16 - INFO - main_window.py - UI Display: Loaded home screen content area.
12:14:16 - INFO - main_window.py - UI Display: Completed rendering home screen display.
12:14:16 - INFO - main_window.py - UI Display: Displaying home screen.
12:14:19 - INFO - main_window.py - Audio Handler: Sound Name: None
12:14:19 - INFO - main_window.py - ---
12:14:19 - INFO - main_window.py - UI Handler: User has clicked the 'NEW GAME' button on home screen.
12:14:19 - INFO - main_window.py - UI Handler: Handling choose task screen display >>>
12:14:19 - INFO - main_window.py - UI Handler: Cleared the Main Panel area.
12:14:19 - INFO - main_window.py - UI Handler: Completed handling choose task screen display <<<
12:14:19 - INFO - main_window.py - ---
12:14:20 - INFO - main_window.py - UI Display: Rendering choose task screen display...
12:14:20 - INFO - background.py - UI Background: Loading background image for CHOOSE TASK screen...
12:14:20 - INFO - background.py - Util: Converting relative path to absolute path...
12:14:20 - INFO - background.py - Util: Converted relative path to absolute path for the asset.
12:14:20 - INFO - background.py - UI Background: Loaded background image for CHOOSE TASK screen.
12:14:21 - INFO - main_window.py - UI Display: Loaded choose task screen content area.
12:14:21 - INFO - main_window.py - UI Display: Completed rendering choose task screen display.
12:14:21 - INFO - main_window.py - UI Display: Displaying choose task screen.
12:14:24 - INFO - main_window.py - Audio Handler: Sound Name: None
12:14:24 - INFO - main_window.py - UI Handler: User has selected SET-CODE option on choose task screen.
12:14:24 - INFO - main_window.py - UI Handler: User's Role: SET-CODE | System's Role: DE-CODE
12:14:24 - INFO - main_window.py - ---
12:14:24 - INFO - main_window.py - UI Handler: Handling gameplay load screen display >>>
12:14:24 - INFO - main_window.py - UI Handler: Cleared the Main Panel area.
12:14:24 - INFO - main_window.py - UI Display: Rendering gameplay load screen display...
12:14:24 - INFO - main_window.py - UI Display: Completed rendering gameplay load screen display.
12:14:24 - INFO - main_window.py - UI Display: Displaying gameplay load screen.
12:14:24 - INFO - main_window.py - UI Handler: Completed handling gameplay load screen display <<<
12:14:24 - INFO - main_window.py - ---
12:14:28 - INFO - main_window.py - ---
12:14:28 - INFO - main_window.py - UI Handler: Handling gameplay screen display >>>
12:14:28 - INFO - main_window.py - UI Handler: Cleared the Main Panel area.
12:14:28 - INFO - main_window.py - UI Display: Rendering gameplay screen display...
12:14:28 - INFO - main_window.py - UI Display: Creating left panel (screen A) on gameplay screen...
12:14:29 - INFO - main_window.py - UI Display: Completed rendering the left panel (screen A) on gameplay screen.
12:14:29 - INFO - main_window.py - UI Display: Creating center board (screen B) on gameplay screen...
12:14:29 - INFO - main_window.py - UI Display: Rendering the Screen-B Board for current decoder: SYSTEM...
12:14:29 - INFO - main_window.py - UI Display: Creating the header frame in Screen-B for current code-setter...
12:14:29 - INFO - main_window.py - UI Display: Created turn-label for Header.
12:14:29 - INFO - main_window.py - UI Display: Created Header Peg Slot Row for user.
12:14:29 - INFO - main_window.py - UI Display: Created turn-label for Header.
12:14:29 - INFO - main_window.py - UI Display: Created the header frame in Screen-B for current code-setter.
12:14:29 - INFO - main_window.py - UI Display: Completed rendering Screen-B Board for the current decoder.
12:14:29 - INFO - main_window.py - UI Display: Completed rendering the center board (screen B) on gameplay screen.
12:14:29 - INFO - main_window.py - UI Display: Creating right panel (screen C) on gameplay screen...
12:14:29 - INFO - main_window.py - UI Display: Creating chat message for Screen-C >>>
12:14:29 - INFO - main_window.py - UI Display: Sender: SYSTEM | Message: Hey there, welcome to SuperMastermind.
Since neither of us wants to waste our time, let's get started.
Click on the 'START' button to get started.
12:14:29 - INFO - main_window.py - UI Display: Completed creating chat message in Screen-C <<<
12:14:29 - INFO - main_window.py - UI Display: Creating chat message for Screen-C >>>
12:14:29 - INFO - main_window.py - UI Display: Sender: SYSTEM | Message: Since you have chosen to set code,
you will set the code first, and I will start decoding once you're ready.
12:14:29 - INFO - main_window.py - UI Display: Completed creating chat message in Screen-C <<<
12:14:29 - INFO - main_window.py - UI Display: Completed rendering the right panel (screen C) on gameplay screen.
12:14:29 - INFO - main_window.py - UI Display: Creating chat message for Screen-C >>>
12:14:29 - INFO - main_window.py - UI Display: Sender: SYSTEM | Message: At any point in time during the game,
if you want to be a LOSER and want to exit the game, click on the 'EXIT' button below.
12:14:29 - INFO - main_window.py - UI Display: Completed creating chat message in Screen-C <<<
12:14:29 - INFO - main_window.py - UI Display: Creating chat message for Screen-C >>>
12:14:29 - INFO - main_window.py - UI Display: Sender: YOU | Message: Sure bro. Let's get started.
I ain't quitting without winning. You better don't whine after I win.
12:14:29 - INFO - main_window.py - UI Display: Completed creating chat message in Screen-C <<<
12:14:29 - INFO - main_window.py - UI Display: Completed rendering gameplay screen display.
12:14:29 - INFO - main_window.py - UI Display: Displaying gameplay screen.
12:14:29 - INFO - main_window.py - UI Handler: Completed handling gameplay screen display <<<
12:14:29 - INFO - main_window.py - ---
12:14:45 - INFO - main_window.py - Audio Handler: Sound Name: None
12:14:45 - INFO - main_window.py - ---
12:14:45 - INFO - main_window.py - Gameflow Handler: Handling gameplay flow...
12:14:45 - INFO - main_window.py - Gameflow Handler: Current User Role: SET-CODE
12:14:45 - INFO - main_window.py - Gameflow Handler: Current System Role: DE-CODE
12:14:45 - INFO - main_window.py - Gameflow Handler: Starting system decode game.
12:14:45 - INFO - main_window.py - Gameflow Handler: Handling User's start set-code | System's start decode game...
12:14:45 - INFO - main_window.py - Gameflow Handler: Disabled the 'START' gameplay button on Screen-A.
12:14:45 - INFO - main_window.py - User Gameplay: Enabling User's Header row peg slot buttons...
12:14:45 - INFO - main_window.py - User Gameplay: Enabled User's header row peg slot buttons.
12:14:45 - INFO - main_window.py - User Gameplay: Enabled the header row peg slot buttons for user to fill colours.
12:14:45 - INFO - main_window.py - UI Display: Creating chat message for Screen-C >>>
12:14:45 - INFO - main_window.py - UI Display: Sender: SYSTEM | Message: Yo! You can SET CODE now.
Let's see how many turns I take to crack it.
12:14:45 - INFO - main_window.py - UI Display: Completed creating chat message in Screen-C <<<
12:14:45 - INFO - main_window.py - UI Display: Creating chat message for Screen-C >>>
12:14:45 - INFO - main_window.py - UI Display: Sender: YOU | Message: You ain't cracking my code, LOSER.
Not now. Now in an eternity! Keep whining.
12:14:45 - INFO - main_window.py - UI Display: Completed creating chat message in Screen-C <<<
12:14:45 - INFO - main_window.py - Gameflow Handler: Completed handling User's start set-code | System's start decode game.
12:14:45 - INFO - main_window.py - Gameflow Handler: Completed handling gameplay flow.
12:14:45 - INFO - main_window.py - ---
12:14:51 - INFO - main_window.py - User Gameplay: User has opened the colour dropdown on Peg-1 in the header slot.
12:14:53 - INFO - main_window.py - User Gameplay: User has set GREY colour in Peg-1 in the header slot.
12:14:53 - INFO - main_window.py - User Gameplay: Checking if header slot is filled...
12:14:53 - INFO - main_window.py - User Gameplay: Header slot not yet filled fully.
12:14:54 - INFO - main_window.py - User Gameplay: User has opened the colour dropdown on Peg-2 in the header slot.
12:14:55 - INFO - main_window.py - User Gameplay: User has set PINK colour in Peg-2 in the header slot.
12:14:55 - INFO - main_window.py - User Gameplay: Checking if header slot is filled...
12:14:55 - INFO - main_window.py - User Gameplay: Header slot not yet filled fully.
12:14:56 - INFO - main_window.py - User Gameplay: User has opened the colour dropdown on Peg-3 in the header slot.
12:14:57 - INFO - main_window.py - User Gameplay: User has set GREY colour in Peg-3 in the header slot.
12:14:57 - INFO - main_window.py - User Gameplay: Checking if header slot is filled...
12:14:57 - INFO - main_window.py - User Gameplay: Header slot not yet filled fully.
12:14:58 - INFO - main_window.py - User Gameplay: User has opened the colour dropdown on Peg-4 in the header slot.
12:15:00 - INFO - main_window.py - User Gameplay: User has set GREY colour in Peg-4 in the header slot.
12:15:00 - INFO - main_window.py - User Gameplay: Checking if header slot is filled...
12:15:00 - INFO - main_window.py - User Gameplay: Header slot not yet filled fully.
12:15:00 - INFO - main_window.py - User Gameplay: User has opened the colour dropdown on Peg-5 in the header slot.
12:15:01 - INFO - main_window.py - User Gameplay: User has set TEAL colour in Peg-5 in the header slot.
12:15:01 - INFO - main_window.py - User Gameplay: Checking if header slot is filled...
12:15:01 - INFO - main_window.py - User Gameplay: Header slot is filled.
12:15:01 - INFO - main_window.py - User Gameplay:  User's Header Slot Button Colors: ['#C0C0C0', '#FF00FF', '#C0C0C0', '#C0C0C0', '#008080']
12:15:01 - INFO - main_window.py - User Gameplay: Enabled the 'ENCRYPT CODE' button for user's header slot.
12:15:03 - INFO - main_window.py - User Gameplay: Encrypting the User's code...
12:15:03 - INFO - main_window.py - User Gameplay: Enabled 'VIEW CODE' button to view User's Code.
12:15:03 - INFO - main_window.py - User Gameplay: Completed encrypting the User's code.
12:15:03 - INFO - main_window.py - System Gameplay: Activating System's turn. Turn Number: 1
12:15:03 - INFO - main_window.py - UI Display: Creating TLPSF Row for current decoder: SYSTEM for current turn: 1...
12:15:03 - INFO - main_window.py - UI Display: Created turn-label for turn number: 1
12:15:03 - INFO - main_window.py - UI Display: Created normal peg slot row for system's decoding turn.
12:15:03 - INFO - main_window.py - UI Display: Created feedback-label for turn number: 1
12:15:03 - INFO - main_window.py - UI Display: Created TLPSF Row for current decoder: SYSTEM for current turn: 1
12:15:03 - INFO - main_window.py - System Gameplay: Code set by user is ['#C0C0C0', '#FF00FF', '#C0C0C0', '#C0C0C0', '#008080']
12:15:03 - INFO - main_window.py - System Gameplay: Filling the current row with system's guess...
12:15:03 - INFO - system_decoder.py - Util: SystemDecoder guess: ['#C0C0C0', '#6B1700', '#9900FF', '#FF6F00', '#04FF00'].
12:15:03 - INFO - main_window.py - System Gameplay: Generated system's first guess: ['#C0C0C0', '#6B1700', '#9900FF', '#FF6F00', '#04FF00']
12:15:03 - INFO - main_window.py - System Gameplay: Current Turn: 1| System's Guess: ['#C0C0C0', '#6B1700', '#9900FF', '#FF6F00', '#04FF00']
12:15:03 - INFO - main_window.py - System Gameplay: Enabled the 'VALIDATE CODE' button for colour validation.
12:15:03 - INFO - main_window.py - System Gameplay: Completed filling the current row with system's guess.
12:15:06 - INFO - main_window.py - System Gameplay: Disabling System's peg slot buttons...
12:15:06 - INFO - main_window.py - System Gameplay: Completed disabling System's peg slot buttons.
12:15:06 - INFO - logics.py - Util: Evaluating the guess against the secret code...
12:15:06 - INFO - logics.py - Util: Evaluted the guess and generated the feedback.
12:15:06 - INFO - main_window.py - Validation Handler: Turn: 1 | Feedback: ✅❌❌❌❌
12:15:07 - INFO - main_window.py - UI Display: Creating chat message for Screen-C >>>
12:15:07 - INFO - main_window.py - UI Display: Sender: YOU | Message: Turn Number: 1

Feedback to your guess: ✅❌❌❌❌
12:15:07 - INFO - main_window.py - UI Display: Completed creating chat message in Screen-C <<<
12:15:07 - INFO - logics.py - Util: Converted feedback emojis to string format: ✅❌❌❌❌ to YNNNN
12:15:07 - INFO - main_window.py - System Gameplay: Activating System's turn. Turn Number: 2
12:15:07 - INFO - main_window.py - UI Display: Creating TLPSF Row for current decoder: SYSTEM for current turn: 2...
12:15:07 - INFO - main_window.py - UI Display: Created turn-label for turn number: 2
12:15:07 - INFO - main_window.py - UI Display: Created normal peg slot row for system's decoding turn.
12:15:07 - INFO - main_window.py - UI Display: Created feedback-label for turn number: 2
12:15:07 - INFO - main_window.py - UI Display: Created TLPSF Row for current decoder: SYSTEM for current turn: 2
12:15:07 - INFO - main_window.py - System Gameplay: Code set by user is ['#C0C0C0', '#FF00FF', '#C0C0C0', '#C0C0C0', '#008080']
12:15:07 - INFO - main_window.py - System Gameplay: Filling the current row with system's guess...
12:15:07 - INFO - system_decoder.py - Util: SystemDecoder guess: ['#C0C0C0', '#F6FF00', '#808000', '#000000', '#00FFFF'].
12:15:07 - INFO - main_window.py - System Gameplay: Generated system's next guess: ['#C0C0C0', '#F6FF00', '#808000', '#000000', '#00FFFF']
12:15:07 - INFO - main_window.py - System Gameplay: Current Turn: 2| System's Guess: ['#C0C0C0', '#F6FF00', '#808000', '#000000', '#00FFFF']
12:15:07 - INFO - main_window.py - System Gameplay: Enabled the 'VALIDATE CODE' button for colour validation.
12:15:07 - INFO - main_window.py - System Gameplay: Completed filling the current row with system's guess.
12:15:18 - INFO - main_window.py - System Gameplay: Disabling System's peg slot buttons...
12:15:18 - INFO - main_window.py - System Gameplay: Completed disabling System's peg slot buttons.
12:15:18 - INFO - logics.py - Util: Evaluating the guess against the secret code...
12:15:18 - INFO - logics.py - Util: Evaluted the guess and generated the feedback.
12:15:18 - INFO - main_window.py - Validation Handler: Turn: 2 | Feedback: ✅❌❌❌❌
12:15:18 - INFO - main_window.py - UI Display: Creating chat message for Screen-C >>>
12:15:18 - INFO - main_window.py - UI Display: Sender: YOU | Message: Turn Number: 2

Feedback to your guess: ✅❌❌❌❌
12:15:18 - INFO - main_window.py - UI Display: Completed creating chat message in Screen-C <<<
12:15:18 - INFO - logics.py - Util: Converted feedback emojis to string format: ✅❌❌❌❌ to YNNNN
12:15:18 - INFO - main_window.py - System Gameplay: Activating System's turn. Turn Number: 3
12:15:18 - INFO - main_window.py - UI Display: Creating TLPSF Row for current decoder: SYSTEM for current turn: 3...
12:15:18 - INFO - main_window.py - UI Display: Created turn-label for turn number: 3
12:15:18 - INFO - main_window.py - UI Display: Created normal peg slot row for system's decoding turn.
12:15:18 - INFO - main_window.py - UI Display: Created feedback-label for turn number: 3
12:15:18 - INFO - main_window.py - UI Display: Created TLPSF Row for current decoder: SYSTEM for current turn: 3
12:15:18 - INFO - main_window.py - System Gameplay: Code set by user is ['#C0C0C0', '#FF00FF', '#C0C0C0', '#C0C0C0', '#008080']
12:15:18 - INFO - main_window.py - System Gameplay: Filling the current row with system's guess...
12:15:18 - INFO - system_decoder.py - Util: SystemDecoder guess: ['#C0C0C0', '#FF0000', '#008080', '#FF00FF', '#480082'].
12:15:18 - INFO - main_window.py - System Gameplay: Generated system's next guess: ['#C0C0C0', '#FF0000', '#008080', '#FF00FF', '#480082']
12:15:18 - INFO - main_window.py - System Gameplay: Current Turn: 3| System's Guess: ['#C0C0C0', '#FF0000', '#008080', '#FF00FF', '#480082']
12:15:18 - INFO - main_window.py - System Gameplay: Enabled the 'VALIDATE CODE' button for colour validation.
12:15:18 - INFO - main_window.py - System Gameplay: Completed filling the current row with system's guess.
12:15:27 - INFO - main_window.py - System Gameplay: Disabling System's peg slot buttons...
12:15:27 - INFO - main_window.py - System Gameplay: Completed disabling System's peg slot buttons.
12:15:27 - INFO - logics.py - Util: Evaluating the guess against the secret code...
12:15:27 - INFO - logics.py - Util: Evaluted the guess and generated the feedback.
12:15:27 - INFO - main_window.py - Validation Handler: Turn: 3 | Feedback: ✅❌⚠️⚠️❌
12:15:27 - INFO - main_window.py - UI Display: Creating chat message for Screen-C >>>
12:15:27 - INFO - main_window.py - UI Display: Sender: YOU | Message: Turn Number: 3

Feedback to your guess: ✅❌⚠️⚠️❌
12:15:27 - INFO - main_window.py - UI Display: Completed creating chat message in Screen-C <<<
12:15:27 - INFO - logics.py - Util: Converted feedback emojis to string format: ✅❌⚠️⚠️❌ to YNMMN
12:15:27 - INFO - main_window.py - System Gameplay: Activating System's turn. Turn Number: 4
12:15:27 - INFO - main_window.py - UI Display: Creating TLPSF Row for current decoder: SYSTEM for current turn: 4...
12:15:27 - INFO - main_window.py - UI Display: Created turn-label for turn number: 4
12:15:27 - INFO - main_window.py - UI Display: Created normal peg slot row for system's decoding turn.
12:15:27 - INFO - main_window.py - UI Display: Created feedback-label for turn number: 4
12:15:27 - INFO - main_window.py - UI Display: Created TLPSF Row for current decoder: SYSTEM for current turn: 4
12:15:27 - INFO - main_window.py - System Gameplay: Code set by user is ['#C0C0C0', '#FF00FF', '#C0C0C0', '#C0C0C0', '#008080']
12:15:27 - INFO - main_window.py - System Gameplay: Filling the current row with system's guess...
12:15:27 - INFO - system_decoder.py - Util: SystemDecoder guess: ['#C0C0C0', '#FF00FF', '#FFFFFF', '#0048FF', '#008080'].
12:15:27 - INFO - main_window.py - System Gameplay: Generated system's next guess: ['#C0C0C0', '#FF00FF', '#FFFFFF', '#0048FF', '#008080']
12:15:27 - INFO - main_window.py - System Gameplay: Current Turn: 4| System's Guess: ['#C0C0C0', '#FF00FF', '#FFFFFF', '#0048FF', '#008080']
12:15:27 - INFO - main_window.py - System Gameplay: Enabled the 'VALIDATE CODE' button for colour validation.
12:15:27 - INFO - main_window.py - System Gameplay: Completed filling the current row with system's guess.
12:15:31 - INFO - main_window.py - System Gameplay: Disabling System's peg slot buttons...
12:15:31 - INFO - main_window.py - System Gameplay: Completed disabling System's peg slot buttons.
12:15:31 - INFO - logics.py - Util: Evaluating the guess against the secret code...
12:15:31 - INFO - logics.py - Util: Evaluted the guess and generated the feedback.
12:15:31 - INFO - main_window.py - Validation Handler: Turn: 4 | Feedback: ✅✅❌❌✅
12:15:31 - INFO - main_window.py - UI Display: Creating chat message for Screen-C >>>
12:15:31 - INFO - main_window.py - UI Display: Sender: YOU | Message: Turn Number: 4

Feedback to your guess: ✅✅❌❌✅
12:15:31 - INFO - main_window.py - UI Display: Completed creating chat message in Screen-C <<<
12:15:31 - INFO - logics.py - Util: Converted feedback emojis to string format: ✅✅❌❌✅ to YYNNY
12:15:31 - INFO - main_window.py - System Gameplay: Activating System's turn. Turn Number: 5
12:15:31 - INFO - main_window.py - UI Display: Creating TLPSF Row for current decoder: SYSTEM for current turn: 5...
12:15:31 - INFO - main_window.py - UI Display: Created turn-label for turn number: 5
12:15:31 - INFO - main_window.py - UI Display: Created normal peg slot row for system's decoding turn.
12:15:31 - INFO - main_window.py - UI Display: Created feedback-label for turn number: 5
12:15:31 - INFO - main_window.py - UI Display: Created TLPSF Row for current decoder: SYSTEM for current turn: 5
12:15:31 - INFO - main_window.py - System Gameplay: Code set by user is ['#C0C0C0', '#FF00FF', '#C0C0C0', '#C0C0C0', '#008080']
12:15:31 - INFO - main_window.py - System Gameplay: Filling the current row with system's guess...
12:15:31 - INFO - system_decoder.py - Util: SystemDecoder guess: ['#C0C0C0', '#FF00FF', '#C0C0C0', '#C0C0C0', '#008080'].
12:15:31 - INFO - main_window.py - System Gameplay: Generated system's next guess: ['#C0C0C0', '#FF00FF', '#C0C0C0', '#C0C0C0', '#008080']
12:15:31 - INFO - main_window.py - System Gameplay: Current Turn: 5| System's Guess: ['#C0C0C0', '#FF00FF', '#C0C0C0', '#C0C0C0', '#008080']
12:15:31 - INFO - main_window.py - System Gameplay: Enabled the 'VALIDATE CODE' button for colour validation.
12:15:31 - INFO - main_window.py - System Gameplay: Completed filling the current row with system's guess.
12:15:47 - INFO - main_window.py - System Gameplay: Disabling System's peg slot buttons...
12:15:47 - INFO - main_window.py - System Gameplay: Completed disabling System's peg slot buttons.
12:15:47 - INFO - logics.py - Util: Evaluating the guess against the secret code...
12:15:47 - INFO - logics.py - Util: Evaluted the guess and generated the feedback.
12:15:47 - INFO - main_window.py - Validation Handler: Turn: 5 | Feedback: ✅✅✅✅✅
12:15:47 - INFO - main_window.py - UI Display: Creating chat message for Screen-C >>>
12:15:47 - INFO - main_window.py - UI Display: Sender: YOU | Message: Turn Number: 5

Feedback to your guess: ✅✅✅✅✅
12:15:47 - INFO - main_window.py - UI Display: Completed creating chat message in Screen-C <<<
12:15:47 - INFO - main_window.py - User Gameplay: System has cracked the user's code.
12:15:47 - INFO - main_window.py - User Gameplay: Displayed the User's Code: ['#C0C0C0', '#FF00FF', '#C0C0C0', '#C0C0C0', '#008080']
12:15:47 - INFO - main_window.py - User Gameplay: Disabled the additional button in the User's Header slot.
12:15:47 - INFO - main_window.py - User Gameplay: Completed handling user code after system decode.
12:15:47 - INFO - main_window.py - Validation Handler: Number of turns taken by system to crack the code: 5
12:15:47 - INFO - main_window.py - UI Display: Creating chat message for Screen-C >>>
12:15:47 - INFO - main_window.py - UI Display: Sender: YOU | Message: Well hey! Good for you.
You finally were able to crack it!
12:15:47 - INFO - main_window.py - UI Display: Completed creating chat message in Screen-C <<<
12:15:47 - INFO - main_window.py - UI Display: Creating chat message for Screen-C >>>
12:15:47 - INFO - main_window.py - UI Display: Sender: SYSTEM | Message: Time to move on to next step.
We swap our turns now. Click on the 'NEXT' button to begin.
Then, click on SET/START as you see fit.
12:15:47 - INFO - main_window.py - UI Display: Completed creating chat message in Screen-C <<<
12:16:00 - INFO - main_window.py - Audio Handler: Sound Name: None
12:16:00 - INFO - main_window.py - ---
12:16:00 - INFO - main_window.py - Gameflow Handler: Handling gameplay transition...
12:16:00 - INFO - system_decoder.py - Util: SystemDecoder initialized.
12:16:00 - INFO - main_window.py - Gameflow Handler: Completed refreshing gameplay variables.
12:16:00 - INFO - main_window.py - Gameflow Handler: User's SET-CODE role complete.
12:16:00 - INFO - main_window.py - Gameflow Handler: Turns taken by System to crack User's Code: 5
12:16:00 - INFO - main_window.py - UI Handler: Clearing all widgets in Screen-B Board...
12:16:00 - INFO - main_window.py - UI Handler: Completed clearing Screen-B Board.
12:16:00 - INFO - main_window.py - UI Handler: Swapping 'USER' and 'SYSTEM' labels on Screen-A...
12:16:00 - INFO - main_window.py - UI Handler: Completed swapping 'USER' and 'SYSTEM' labels on Screen-A.
12:16:00 - INFO - main_window.py - Gameflow Handler: User's next role: DE-CODE.
12:16:00 - INFO - main_window.py - UI Display: Rendering the Screen-B Board for current decoder: YOU...
12:16:00 - INFO - main_window.py - UI Display: Creating the header frame in Screen-B for current code-setter...
12:16:00 - INFO - main_window.py - UI Display: Created turn-label for Header.
12:16:00 - INFO - main_window.py - UI Display: Created Header Peg Slot Row for system.
12:16:00 - INFO - main_window.py - UI Display: Created turn-label for Header.
12:16:00 - INFO - main_window.py - UI Display: Created the header frame in Screen-B for current code-setter.
12:16:00 - INFO - main_window.py - UI Display: Completed rendering Screen-B Board for the current decoder.
12:16:00 - INFO - main_window.py - Gameflow Handler: Completed handling gameplay transition.
12:16:00 - INFO - main_window.py - ---
12:16:02 - INFO - main_window.py - Audio Handler: Sound Name: None
12:16:02 - INFO - main_window.py - ---
12:16:02 - INFO - main_window.py - Gameflow Handler: Handling gameplay flow...
12:16:02 - INFO - main_window.py - Gameflow Handler: Current User Role: DE-CODE
12:16:02 - INFO - main_window.py - Gameflow Handler: Current System Role: SET-CODE
12:16:02 - INFO - main_window.py - Gameflow Handler: Starting user decode game.
12:16:02 - INFO - main_window.py - Gameflow Handler: Handling User's start decode | System's start set-code game...
12:16:02 - INFO - main_window.py - Gameflow Handler: Disabled the 'START' gameplay button on Screen-A.
12:16:02 - INFO - logics.py - Util: Creating the colour code...
12:16:02 - INFO - logics.py - Util: Random choice selected: 3
12:16:02 - INFO - logics.py - Util: Attempt 1: Generated code ['#FF0000', '#C0C0C0', '#808000', '#808000', '#FF0000'] with entropy 1.5219280948873621
12:16:02 - INFO - logics.py - Util: Created the colour code: ['#FF0000', '#C0C0C0', '#808000', '#808000', '#FF0000'] at attempt 1.
12:16:02 - INFO - main_window.py - System Gameplay: System has set ['#FF0000', '#C0C0C0', '#808000', '#808000', '#FF0000'] as the code for user to crack.
12:16:02 - INFO - main_window.py - UI Display: Creating chat message for Screen-C >>>
12:16:02 - INFO - main_window.py - UI Display: Sender: SYSTEM | Message: I have set the secret code. Do you have what it takes to crack it?
Go on and show me what SuperMastermind you are! ;)
12:16:02 - INFO - main_window.py - UI Display: Completed creating chat message in Screen-C <<<
12:16:02 - INFO - main_window.py - UI Handler: Enabling System-Header 'REVEAL CODE' button. 
12:16:02 - INFO - main_window.py - UI Display: Creating chat message for Screen-C >>>
12:16:02 - INFO - main_window.py - UI Display: Sender: SYSTEM | Message: Oh by the way, if you click
on the 'REVEAL CODE ▶' button at any point of time in the game before you crack my code, you LOSE.
Want to be a LOSER? Go ahead and click on 'REVEAL CODE ▶' ;)
12:16:02 - INFO - main_window.py - UI Display: Completed creating chat message in Screen-C <<<
12:16:02 - INFO - main_window.py - UI Display: Creating chat message for Screen-C >>>
12:16:02 - INFO - main_window.py - UI Display: Sender: YOU | Message: Ay, who you calling a LOSER?
I thought I already told I ain't quitting without winning. Don't whine from now itself. Lol.
12:16:02 - INFO - main_window.py - UI Display: Completed creating chat message in Screen-C <<<
12:16:02 - INFO - main_window.py - User Gameplay: Activating User's turn. Turn Number: 1
12:16:02 - INFO - main_window.py - UI Display: Creating TLPSF Row for current decoder: YOU for current turn: 1...
12:16:02 - INFO - main_window.py - UI Display: Created turn-label for turn number: 1
12:16:02 - INFO - main_window.py - UI Display: Created normal peg slot row for user's decoding turn.
12:16:02 - INFO - main_window.py - UI Display: Created feedback-label for turn number: 1
12:16:02 - INFO - main_window.py - UI Display: Created TLPSF Row for current decoder: YOU for current turn: 1
12:16:02 - INFO - main_window.py - User Gameplay: Code set by system: ['#FF0000', '#C0C0C0', '#808000', '#808000', '#FF0000']
12:16:02 - INFO - main_window.py - User Gameplay: Enabling User's peg slot buttons...
12:16:02 - INFO - main_window.py - User Gameplay: Enabled User's peg slot buttons for turn: 1
12:16:02 - INFO - main_window.py - Gameflow Handler: Completed handling User's start decode | System's start set-code game.
12:16:02 - INFO - main_window.py - Gameflow Handler: Completed handling gameplay flow.
12:16:02 - INFO - main_window.py - ---
12:16:19 - INFO - main_window.py - User Gameplay: User has opened the colour dropdown on Peg-1 in the current slot.
12:16:21 - INFO - main_window.py - User Gameplay: User has set RED colour in Peg-1 in the current slot.
12:16:21 - INFO - main_window.py - User Gameplay: Checking if current slot is filled...
12:16:21 - INFO - main_window.py - User Gameplay: Current slot not yet filled fully.
12:16:21 - INFO - main_window.py - User Gameplay: User has opened the colour dropdown on Peg-2 in the current slot.
12:16:22 - INFO - main_window.py - User Gameplay: User has set ORANGE colour in Peg-2 in the current slot.
12:16:22 - INFO - main_window.py - User Gameplay: Checking if current slot is filled...
12:16:22 - INFO - main_window.py - User Gameplay: Current slot not yet filled fully.
12:16:23 - INFO - main_window.py - User Gameplay: User has opened the colour dropdown on Peg-3 in the current slot.
12:16:24 - INFO - main_window.py - User Gameplay: User has set YELLOW colour in Peg-3 in the current slot.
12:16:24 - INFO - main_window.py - User Gameplay: Checking if current slot is filled...
12:16:24 - INFO - main_window.py - User Gameplay: Current slot not yet filled fully.
12:16:24 - INFO - main_window.py - User Gameplay: User has opened the colour dropdown on Peg-4 in the current slot.
12:16:25 - INFO - main_window.py - User Gameplay: User has set GREEN colour in Peg-4 in the current slot.
12:16:25 - INFO - main_window.py - User Gameplay: Checking if current slot is filled...
12:16:25 - INFO - main_window.py - User Gameplay: Current slot not yet filled fully.
12:16:26 - INFO - main_window.py - User Gameplay: User has opened the colour dropdown on Peg-5 in the current slot.
12:16:27 - INFO - main_window.py - User Gameplay: User has set BLUE colour in Peg-5 in the current slot.
12:16:27 - INFO - main_window.py - User Gameplay: Checking if current slot is filled...
12:16:27 - INFO - main_window.py - User Gameplay: Current slot is filled.
12:16:27 - INFO - main_window.py - User Gameplay: Current Turn: 1 | Slot Button Colors filled by user: ['#FF0000', '#FF6F00', '#F6FF00', '#04FF00', '#0048FF']
12:16:27 - INFO - main_window.py - User Gameplay: Enabled the 'VALIDATE CODE' button for current slot.
12:16:29 - INFO - main_window.py - User Gameplay: Disabling User's peg slot buttons...
12:16:29 - INFO - main_window.py - User Gameplay: Completed disabling User's peg slot buttons.
12:16:29 - INFO - logics.py - Util: Evaluating the guess against the secret code...
12:16:29 - INFO - logics.py - Util: Evaluted the guess and generated the feedback.
12:16:29 - INFO - main_window.py - Validation Handler: Turn: 1 | Feedback: ✅❌❌❌❌
12:16:29 - INFO - main_window.py - UI Display: Creating chat message for Screen-C >>>
12:16:29 - INFO - main_window.py - UI Display: Sender: SYSTEM | Message: Turn Number: 1

Feedback to your guess: ✅❌❌❌❌
12:16:29 - INFO - main_window.py - UI Display: Completed creating chat message in Screen-C <<<
12:16:29 - INFO - main_window.py - User Gameplay: Activating User's turn. Turn Number: 2
12:16:29 - INFO - main_window.py - UI Display: Creating TLPSF Row for current decoder: YOU for current turn: 2...
12:16:29 - INFO - main_window.py - UI Display: Created turn-label for turn number: 2
12:16:29 - INFO - main_window.py - UI Display: Created normal peg slot row for user's decoding turn.
12:16:29 - INFO - main_window.py - UI Display: Created feedback-label for turn number: 2
12:16:29 - INFO - main_window.py - UI Display: Created TLPSF Row for current decoder: YOU for current turn: 2
12:16:29 - INFO - main_window.py - User Gameplay: Code set by system: ['#FF0000', '#C0C0C0', '#808000', '#808000', '#FF0000']
12:16:29 - INFO - main_window.py - User Gameplay: Enabling User's peg slot buttons...
12:16:29 - INFO - main_window.py - User Gameplay: Enabled User's peg slot buttons for turn: 2
12:16:30 - INFO - main_window.py - User Gameplay: User has opened the colour dropdown on Peg-1 in the current slot.
12:16:31 - INFO - main_window.py - User Gameplay: User has set KHAKI colour in Peg-1 in the current slot.
12:16:31 - INFO - main_window.py - User Gameplay: Checking if current slot is filled...
12:16:31 - INFO - main_window.py - User Gameplay: Current slot not yet filled fully.
12:16:32 - INFO - main_window.py - User Gameplay: User has opened the colour dropdown on Peg-1 in the current slot.
12:16:33 - INFO - main_window.py - User Gameplay: User has set RED colour in Peg-1 in the current slot.
12:16:33 - INFO - main_window.py - User Gameplay: Checking if current slot is filled...
12:16:33 - INFO - main_window.py - User Gameplay: Current slot not yet filled fully.
12:16:34 - INFO - main_window.py - User Gameplay: User has opened the colour dropdown on Peg-2 in the current slot.
12:16:34 - INFO - main_window.py - User Gameplay: User has set KHAKI colour in Peg-2 in the current slot.
12:16:34 - INFO - main_window.py - User Gameplay: Checking if current slot is filled...
12:16:34 - INFO - main_window.py - User Gameplay: Current slot not yet filled fully.
12:16:35 - INFO - main_window.py - User Gameplay: User has opened the colour dropdown on Peg-2 in the current slot.
12:16:36 - INFO - main_window.py - User Gameplay: User has set KHAKI colour in Peg-2 in the current slot.
12:16:36 - INFO - main_window.py - User Gameplay: Checking if current slot is filled...
12:16:36 - INFO - main_window.py - User Gameplay: Current slot not yet filled fully.
12:16:36 - INFO - main_window.py - User Gameplay: User has opened the colour dropdown on Peg-2 in the current slot.
12:16:39 - INFO - main_window.py - User Gameplay: User has set PURPLE colour in Peg-2 in the current slot.
12:16:39 - INFO - main_window.py - User Gameplay: Checking if current slot is filled...
12:16:39 - INFO - main_window.py - User Gameplay: Current slot not yet filled fully.
12:16:39 - INFO - main_window.py - User Gameplay: User has opened the colour dropdown on Peg-3 in the current slot.
12:16:41 - INFO - main_window.py - User Gameplay: User has set BROWN colour in Peg-3 in the current slot.
12:16:41 - INFO - main_window.py - User Gameplay: Checking if current slot is filled...
12:16:41 - INFO - main_window.py - User Gameplay: Current slot not yet filled fully.
12:16:41 - INFO - main_window.py - User Gameplay: User has opened the colour dropdown on Peg-4 in the current slot.
12:16:43 - INFO - main_window.py - User Gameplay: User has set BLACK colour in Peg-4 in the current slot.
12:16:43 - INFO - main_window.py - User Gameplay: Checking if current slot is filled...
12:16:43 - INFO - main_window.py - User Gameplay: Current slot not yet filled fully.
12:16:43 - INFO - main_window.py - User Gameplay: User has opened the colour dropdown on Peg-5 in the current slot.
12:16:45 - INFO - main_window.py - User Gameplay: User has set WHITE colour in Peg-5 in the current slot.
12:16:45 - INFO - main_window.py - User Gameplay: Checking if current slot is filled...
12:16:45 - INFO - main_window.py - User Gameplay: Current slot is filled.
12:16:45 - INFO - main_window.py - User Gameplay: Current Turn: 2 | Slot Button Colors filled by user: ['#FF0000', '#9900FF', '#6B1700', '#000000', '#FFFFFF']
12:16:45 - INFO - main_window.py - User Gameplay: Enabled the 'VALIDATE CODE' button for current slot.
12:16:45 - INFO - main_window.py - User Gameplay: Disabling User's peg slot buttons...
12:16:45 - INFO - main_window.py - User Gameplay: Completed disabling User's peg slot buttons.
12:16:45 - INFO - logics.py - Util: Evaluating the guess against the secret code...
12:16:45 - INFO - logics.py - Util: Evaluted the guess and generated the feedback.
12:16:45 - INFO - main_window.py - Validation Handler: Turn: 2 | Feedback: ✅❌❌❌❌
12:16:45 - INFO - main_window.py - UI Display: Creating chat message for Screen-C >>>
12:16:45 - INFO - main_window.py - UI Display: Sender: SYSTEM | Message: Turn Number: 2

Feedback to your guess: ✅❌❌❌❌
12:16:45 - INFO - main_window.py - UI Display: Completed creating chat message in Screen-C <<<
12:16:45 - INFO - main_window.py - User Gameplay: Activating User's turn. Turn Number: 3
12:16:45 - INFO - main_window.py - UI Display: Creating TLPSF Row for current decoder: YOU for current turn: 3...
12:16:45 - INFO - main_window.py - UI Display: Created turn-label for turn number: 3
12:16:45 - INFO - main_window.py - UI Display: Created normal peg slot row for user's decoding turn.
12:16:45 - INFO - main_window.py - UI Display: Created feedback-label for turn number: 3
12:16:45 - INFO - main_window.py - UI Display: Created TLPSF Row for current decoder: YOU for current turn: 3
12:16:45 - INFO - main_window.py - User Gameplay: Code set by system: ['#FF0000', '#C0C0C0', '#808000', '#808000', '#FF0000']
12:16:45 - INFO - main_window.py - User Gameplay: Enabling User's peg slot buttons...
12:16:45 - INFO - main_window.py - User Gameplay: Enabled User's peg slot buttons for turn: 3
12:16:47 - INFO - main_window.py - User Gameplay: User has opened the colour dropdown on Peg-1 in the current slot.
12:16:48 - INFO - main_window.py - User Gameplay: User has set RED colour in Peg-1 in the current slot.
12:16:48 - INFO - main_window.py - User Gameplay: Checking if current slot is filled...
12:16:48 - INFO - main_window.py - User Gameplay: Current slot not yet filled fully.
12:16:49 - INFO - main_window.py - User Gameplay: User has opened the colour dropdown on Peg-2 in the current slot.
12:16:51 - INFO - main_window.py - User Gameplay: User has set GREY colour in Peg-2 in the current slot.
12:16:51 - INFO - main_window.py - User Gameplay: Checking if current slot is filled...
12:16:51 - INFO - main_window.py - User Gameplay: Current slot not yet filled fully.
12:16:52 - INFO - main_window.py - User Gameplay: User has opened the colour dropdown on Peg-3 in the current slot.
12:16:53 - INFO - main_window.py - User Gameplay: User has set KHAKI colour in Peg-3 in the current slot.
12:16:53 - INFO - main_window.py - User Gameplay: Checking if current slot is filled...
12:16:53 - INFO - main_window.py - User Gameplay: Current slot not yet filled fully.
12:16:53 - INFO - main_window.py - User Gameplay: User has opened the colour dropdown on Peg-3 in the current slot.
12:16:54 - INFO - main_window.py - User Gameplay: User has set KHAKI colour in Peg-3 in the current slot.
12:16:54 - INFO - main_window.py - User Gameplay: Checking if current slot is filled...
12:16:54 - INFO - main_window.py - User Gameplay: Current slot not yet filled fully.
12:16:55 - INFO - main_window.py - User Gameplay: User has opened the colour dropdown on Peg-3 in the current slot.
12:16:58 - INFO - main_window.py - User Gameplay: User has set PINK colour in Peg-3 in the current slot.
12:16:58 - INFO - main_window.py - User Gameplay: Checking if current slot is filled...
12:16:58 - INFO - main_window.py - User Gameplay: Current slot not yet filled fully.
12:16:58 - INFO - main_window.py - User Gameplay: User has opened the colour dropdown on Peg-4 in the current slot.
12:17:00 - INFO - main_window.py - User Gameplay: User has set CYAN colour in Peg-4 in the current slot.
12:17:00 - INFO - main_window.py - User Gameplay: Checking if current slot is filled...
12:17:00 - INFO - main_window.py - User Gameplay: Current slot not yet filled fully.
12:17:01 - INFO - main_window.py - User Gameplay: User has opened the colour dropdown on Peg-5 in the current slot.
12:17:03 - INFO - main_window.py - User Gameplay: User has set TEAL colour in Peg-5 in the current slot.
12:17:03 - INFO - main_window.py - User Gameplay: Checking if current slot is filled...
12:17:03 - INFO - main_window.py - User Gameplay: Current slot is filled.
12:17:03 - INFO - main_window.py - User Gameplay: Current Turn: 3 | Slot Button Colors filled by user: ['#FF0000', '#C0C0C0', '#FF00FF', '#00FFFF', '#008080']
12:17:03 - INFO - main_window.py - User Gameplay: Enabled the 'VALIDATE CODE' button for current slot.
12:17:03 - INFO - main_window.py - User Gameplay: Disabling User's peg slot buttons...
12:17:03 - INFO - main_window.py - User Gameplay: Completed disabling User's peg slot buttons.
12:17:03 - INFO - logics.py - Util: Evaluating the guess against the secret code...
12:17:03 - INFO - logics.py - Util: Evaluted the guess and generated the feedback.
12:17:03 - INFO - main_window.py - Validation Handler: Turn: 3 | Feedback: ✅✅❌❌❌
12:17:03 - INFO - main_window.py - UI Display: Creating chat message for Screen-C >>>
12:17:03 - INFO - main_window.py - UI Display: Sender: SYSTEM | Message: Turn Number: 3

Feedback to your guess: ✅✅❌❌❌
12:17:03 - INFO - main_window.py - UI Display: Completed creating chat message in Screen-C <<<
12:17:03 - INFO - main_window.py - User Gameplay: Activating User's turn. Turn Number: 4
12:17:03 - INFO - main_window.py - UI Display: Creating TLPSF Row for current decoder: YOU for current turn: 4...
12:17:03 - INFO - main_window.py - UI Display: Created turn-label for turn number: 4
12:17:03 - INFO - main_window.py - UI Display: Created normal peg slot row for user's decoding turn.
12:17:03 - INFO - main_window.py - UI Display: Created feedback-label for turn number: 4
12:17:03 - INFO - main_window.py - UI Display: Created TLPSF Row for current decoder: YOU for current turn: 4
12:17:03 - INFO - main_window.py - User Gameplay: Code set by system: ['#FF0000', '#C0C0C0', '#808000', '#808000', '#FF0000']
12:17:03 - INFO - main_window.py - User Gameplay: Enabling User's peg slot buttons...
12:17:03 - INFO - main_window.py - User Gameplay: Enabled User's peg slot buttons for turn: 4
12:17:04 - INFO - main_window.py - User Gameplay: User has opened the colour dropdown on Peg-1 in the current slot.
12:17:06 - INFO - main_window.py - User Gameplay: User has set RED colour in Peg-1 in the current slot.
12:17:06 - INFO - main_window.py - User Gameplay: Checking if current slot is filled...
12:17:06 - INFO - main_window.py - User Gameplay: Current slot not yet filled fully.
12:17:06 - INFO - main_window.py - User Gameplay: User has opened the colour dropdown on Peg-2 in the current slot.
12:17:08 - INFO - main_window.py - User Gameplay: User has set GREY colour in Peg-2 in the current slot.
12:17:08 - INFO - main_window.py - User Gameplay: Checking if current slot is filled...
12:17:08 - INFO - main_window.py - User Gameplay: Current slot not yet filled fully.
12:17:09 - INFO - main_window.py - User Gameplay: User has opened the colour dropdown on Peg-3 in the current slot.
12:17:10 - INFO - main_window.py - User Gameplay: User has set KHAKI colour in Peg-3 in the current slot.
12:17:10 - INFO - main_window.py - User Gameplay: Checking if current slot is filled...
12:17:10 - INFO - main_window.py - User Gameplay: Current slot not yet filled fully.
12:17:11 - INFO - main_window.py - User Gameplay: User has opened the colour dropdown on Peg-3 in the current slot.
12:17:13 - INFO - main_window.py - User Gameplay: User has set INDIGO colour in Peg-3 in the current slot.
12:17:13 - INFO - main_window.py - User Gameplay: Checking if current slot is filled...
12:17:13 - INFO - main_window.py - User Gameplay: Current slot not yet filled fully.
12:17:14 - INFO - main_window.py - User Gameplay: User has opened the colour dropdown on Peg-4 in the current slot.
12:17:16 - INFO - main_window.py - User Gameplay: User has set KHAKI colour in Peg-4 in the current slot.
12:17:16 - INFO - main_window.py - User Gameplay: Checking if current slot is filled...
12:17:16 - INFO - main_window.py - User Gameplay: Current slot not yet filled fully.
12:17:16 - INFO - main_window.py - User Gameplay: User has opened the colour dropdown on Peg-5 in the current slot.
12:17:17 - INFO - main_window.py - User Gameplay: User has set RED colour in Peg-5 in the current slot.
12:17:17 - INFO - main_window.py - User Gameplay: Checking if current slot is filled...
12:17:17 - INFO - main_window.py - User Gameplay: Current slot is filled.
12:17:17 - INFO - main_window.py - User Gameplay: Current Turn: 4 | Slot Button Colors filled by user: ['#FF0000', '#C0C0C0', '#480082', '#808000', '#FF0000']
12:17:17 - INFO - main_window.py - User Gameplay: Enabled the 'VALIDATE CODE' button for current slot.
12:17:18 - INFO - main_window.py - User Gameplay: Disabling User's peg slot buttons...
12:17:18 - INFO - main_window.py - User Gameplay: Completed disabling User's peg slot buttons.
12:17:18 - INFO - logics.py - Util: Evaluating the guess against the secret code...
12:17:18 - INFO - logics.py - Util: Evaluted the guess and generated the feedback.
12:17:18 - INFO - main_window.py - Validation Handler: Turn: 4 | Feedback: ✅✅❌✅✅
12:17:18 - INFO - main_window.py - UI Display: Creating chat message for Screen-C >>>
12:17:18 - INFO - main_window.py - UI Display: Sender: SYSTEM | Message: Turn Number: 4

Feedback to your guess: ✅✅❌✅✅
12:17:18 - INFO - main_window.py - UI Display: Completed creating chat message in Screen-C <<<
12:17:18 - INFO - main_window.py - User Gameplay: Activating User's turn. Turn Number: 5
12:17:18 - INFO - main_window.py - UI Display: Creating TLPSF Row for current decoder: YOU for current turn: 5...
12:17:18 - INFO - main_window.py - UI Display: Created turn-label for turn number: 5
12:17:18 - INFO - main_window.py - UI Display: Created normal peg slot row for user's decoding turn.
12:17:18 - INFO - main_window.py - UI Display: Created feedback-label for turn number: 5
12:17:18 - INFO - main_window.py - UI Display: Created TLPSF Row for current decoder: YOU for current turn: 5
12:17:18 - INFO - main_window.py - User Gameplay: Code set by system: ['#FF0000', '#C0C0C0', '#808000', '#808000', '#FF0000']
12:17:18 - INFO - main_window.py - User Gameplay: Enabling User's peg slot buttons...
12:17:18 - INFO - main_window.py - User Gameplay: Enabled User's peg slot buttons for turn: 5
12:17:21 - INFO - main_window.py - User Gameplay: User has opened the colour dropdown on Peg-1 in the current slot.
12:17:23 - INFO - main_window.py - User Gameplay: User has set RED colour in Peg-1 in the current slot.
12:17:23 - INFO - main_window.py - User Gameplay: Checking if current slot is filled...
12:17:23 - INFO - main_window.py - User Gameplay: Current slot not yet filled fully.
12:17:24 - INFO - main_window.py - User Gameplay: User has opened the colour dropdown on Peg-2 in the current slot.
12:17:26 - INFO - main_window.py - User Gameplay: User has set GREY colour in Peg-2 in the current slot.
12:17:26 - INFO - main_window.py - User Gameplay: Checking if current slot is filled...
12:17:26 - INFO - main_window.py - User Gameplay: Current slot not yet filled fully.
12:17:27 - INFO - main_window.py - User Gameplay: User has opened the colour dropdown on Peg-4 in the current slot.
12:17:29 - INFO - main_window.py - User Gameplay: User has set KHAKI colour in Peg-4 in the current slot.
12:17:29 - INFO - main_window.py - User Gameplay: Checking if current slot is filled...
12:17:29 - INFO - main_window.py - User Gameplay: Current slot not yet filled fully.
12:17:30 - INFO - main_window.py - User Gameplay: User has opened the colour dropdown on Peg-5 in the current slot.
12:17:31 - INFO - main_window.py - User Gameplay: User has set RED colour in Peg-5 in the current slot.
12:17:31 - INFO - main_window.py - User Gameplay: Checking if current slot is filled...
12:17:31 - INFO - main_window.py - User Gameplay: Current slot not yet filled fully.
12:17:32 - INFO - main_window.py - User Gameplay: User has opened the colour dropdown on Peg-3 in the current slot.
12:17:36 - INFO - main_window.py - User Gameplay: User has set RED colour in Peg-3 in the current slot.
12:17:36 - INFO - main_window.py - User Gameplay: Checking if current slot is filled...
12:17:36 - INFO - main_window.py - User Gameplay: Current slot is filled.
12:17:36 - INFO - main_window.py - User Gameplay: Current Turn: 5 | Slot Button Colors filled by user: ['#FF0000', '#C0C0C0', '#FF0000', '#808000', '#FF0000']
12:17:37 - INFO - main_window.py - User Gameplay: Enabled the 'VALIDATE CODE' button for current slot.
12:17:37 - INFO - main_window.py - User Gameplay: Disabling User's peg slot buttons...
12:17:37 - INFO - main_window.py - User Gameplay: Completed disabling User's peg slot buttons.
12:17:37 - INFO - logics.py - Util: Evaluating the guess against the secret code...
12:17:37 - INFO - logics.py - Util: Evaluted the guess and generated the feedback.
12:17:37 - INFO - main_window.py - Validation Handler: Turn: 5 | Feedback: ✅✅❌✅✅
12:17:37 - INFO - main_window.py - UI Display: Creating chat message for Screen-C >>>
12:17:37 - INFO - main_window.py - UI Display: Sender: SYSTEM | Message: Turn Number: 5

Feedback to your guess: ✅✅❌✅✅
12:17:37 - INFO - main_window.py - UI Display: Completed creating chat message in Screen-C <<<
12:17:37 - INFO - main_window.py - User Gameplay: Activating User's turn. Turn Number: 6
12:17:37 - INFO - main_window.py - UI Display: Creating TLPSF Row for current decoder: YOU for current turn: 6...
12:17:37 - INFO - main_window.py - UI Display: Created turn-label for turn number: 6
12:17:37 - INFO - main_window.py - UI Display: Created normal peg slot row for user's decoding turn.
12:17:37 - INFO - main_window.py - UI Display: Created feedback-label for turn number: 6
12:17:37 - INFO - main_window.py - UI Display: Created TLPSF Row for current decoder: YOU for current turn: 6
12:17:37 - INFO - main_window.py - User Gameplay: Code set by system: ['#FF0000', '#C0C0C0', '#808000', '#808000', '#FF0000']
12:17:37 - INFO - main_window.py - User Gameplay: Enabling User's peg slot buttons...
12:17:37 - INFO - main_window.py - User Gameplay: Enabled User's peg slot buttons for turn: 6
12:17:39 - INFO - main_window.py - User Gameplay: User has opened the colour dropdown on Peg-1 in the current slot.
12:17:40 - INFO - main_window.py - User Gameplay: User has set RED colour in Peg-1 in the current slot.
12:17:40 - INFO - main_window.py - User Gameplay: Checking if current slot is filled...
12:17:40 - INFO - main_window.py - User Gameplay: Current slot not yet filled fully.
12:17:41 - INFO - main_window.py - User Gameplay: User has opened the colour dropdown on Peg-2 in the current slot.
12:17:43 - INFO - main_window.py - User Gameplay: User has set GREY colour in Peg-2 in the current slot.
12:17:43 - INFO - main_window.py - User Gameplay: Checking if current slot is filled...
12:17:43 - INFO - main_window.py - User Gameplay: Current slot not yet filled fully.
12:17:44 - INFO - main_window.py - User Gameplay: User has opened the colour dropdown on Peg-4 in the current slot.
12:17:46 - INFO - main_window.py - User Gameplay: User has set KHAKI colour in Peg-4 in the current slot.
12:17:46 - INFO - main_window.py - User Gameplay: Checking if current slot is filled...
12:17:46 - INFO - main_window.py - User Gameplay: Current slot not yet filled fully.
12:17:47 - INFO - main_window.py - User Gameplay: User has opened the colour dropdown on Peg-5 in the current slot.
12:17:48 - INFO - main_window.py - User Gameplay: User has set KHAKI colour in Peg-5 in the current slot.
12:17:48 - INFO - main_window.py - User Gameplay: Checking if current slot is filled...
12:17:48 - INFO - main_window.py - User Gameplay: Current slot not yet filled fully.
12:17:48 - INFO - main_window.py - User Gameplay: User has opened the colour dropdown on Peg-5 in the current slot.
12:17:50 - INFO - main_window.py - User Gameplay: User has set RED colour in Peg-5 in the current slot.
12:17:50 - INFO - main_window.py - User Gameplay: Checking if current slot is filled...
12:17:50 - INFO - main_window.py - User Gameplay: Current slot not yet filled fully.
12:17:50 - INFO - main_window.py - User Gameplay: User has opened the colour dropdown on Peg-3 in the current slot.
12:17:53 - INFO - main_window.py - User Gameplay: User has set GREY colour in Peg-3 in the current slot.
12:17:53 - INFO - main_window.py - User Gameplay: Checking if current slot is filled...
12:17:53 - INFO - main_window.py - User Gameplay: Current slot is filled.
12:17:53 - INFO - main_window.py - User Gameplay: Current Turn: 6 | Slot Button Colors filled by user: ['#FF0000', '#C0C0C0', '#C0C0C0', '#808000', '#FF0000']
12:17:53 - INFO - main_window.py - User Gameplay: Enabled the 'VALIDATE CODE' button for current slot.
12:17:53 - INFO - main_window.py - User Gameplay: Disabling User's peg slot buttons...
12:17:53 - INFO - main_window.py - User Gameplay: Completed disabling User's peg slot buttons.
12:17:53 - INFO - logics.py - Util: Evaluating the guess against the secret code...
12:17:53 - INFO - logics.py - Util: Evaluted the guess and generated the feedback.
12:17:53 - INFO - main_window.py - Validation Handler: Turn: 6 | Feedback: ✅✅❌✅✅
12:17:53 - INFO - main_window.py - UI Display: Creating chat message for Screen-C >>>
12:17:53 - INFO - main_window.py - UI Display: Sender: SYSTEM | Message: Turn Number: 6

Feedback to your guess: ✅✅❌✅✅
12:17:53 - INFO - main_window.py - UI Display: Completed creating chat message in Screen-C <<<
12:17:53 - INFO - main_window.py - User Gameplay: Activating User's turn. Turn Number: 7
12:17:53 - INFO - main_window.py - UI Display: Creating TLPSF Row for current decoder: YOU for current turn: 7...
12:17:53 - INFO - main_window.py - UI Display: Created turn-label for turn number: 7
12:17:53 - INFO - main_window.py - UI Display: Created normal peg slot row for user's decoding turn.
12:17:53 - INFO - main_window.py - UI Display: Created feedback-label for turn number: 7
12:17:53 - INFO - main_window.py - UI Display: Created TLPSF Row for current decoder: YOU for current turn: 7
12:17:53 - INFO - main_window.py - User Gameplay: Code set by system: ['#FF0000', '#C0C0C0', '#808000', '#808000', '#FF0000']
12:17:53 - INFO - main_window.py - User Gameplay: Enabling User's peg slot buttons...
12:17:53 - INFO - main_window.py - User Gameplay: Enabled User's peg slot buttons for turn: 7
12:17:55 - INFO - main_window.py - User Gameplay: User has opened the colour dropdown on Peg-1 in the current slot.
12:17:56 - INFO - main_window.py - User Gameplay: User has set RED colour in Peg-1 in the current slot.
12:17:56 - INFO - main_window.py - User Gameplay: Checking if current slot is filled...
12:17:56 - INFO - main_window.py - User Gameplay: Current slot not yet filled fully.
12:17:57 - INFO - main_window.py - User Gameplay: User has opened the colour dropdown on Peg-2 in the current slot.
12:17:58 - INFO - main_window.py - User Gameplay: User has set GREY colour in Peg-2 in the current slot.
12:17:58 - INFO - main_window.py - User Gameplay: Checking if current slot is filled...
12:17:58 - INFO - main_window.py - User Gameplay: Current slot not yet filled fully.
12:17:59 - INFO - main_window.py - User Gameplay: User has opened the colour dropdown on Peg-3 in the current slot.
12:18:00 - INFO - main_window.py - User Gameplay: User has set KHAKI colour in Peg-3 in the current slot.
12:18:00 - INFO - main_window.py - User Gameplay: Checking if current slot is filled...
12:18:00 - INFO - main_window.py - User Gameplay: Current slot not yet filled fully.
12:18:01 - INFO - main_window.py - User Gameplay: User has opened the colour dropdown on Peg-4 in the current slot.
12:18:02 - INFO - main_window.py - User Gameplay: User has set KHAKI colour in Peg-4 in the current slot.
12:18:02 - INFO - main_window.py - User Gameplay: Checking if current slot is filled...
12:18:02 - INFO - main_window.py - User Gameplay: Current slot not yet filled fully.
12:18:02 - INFO - main_window.py - User Gameplay: User has opened the colour dropdown on Peg-5 in the current slot.
12:18:04 - INFO - main_window.py - User Gameplay: User has set RED colour in Peg-5 in the current slot.
12:18:04 - INFO - main_window.py - User Gameplay: Checking if current slot is filled...
12:18:04 - INFO - main_window.py - User Gameplay: Current slot is filled.
12:18:04 - INFO - main_window.py - User Gameplay: Current Turn: 7 | Slot Button Colors filled by user: ['#FF0000', '#C0C0C0', '#808000', '#808000', '#FF0000']
12:18:04 - INFO - main_window.py - User Gameplay: Enabled the 'VALIDATE CODE' button for current slot.
12:18:04 - INFO - main_window.py - User Gameplay: Disabling User's peg slot buttons...
12:18:04 - INFO - main_window.py - User Gameplay: Completed disabling User's peg slot buttons.
12:18:04 - INFO - logics.py - Util: Evaluating the guess against the secret code...
12:18:04 - INFO - logics.py - Util: Evaluted the guess and generated the feedback.
12:18:04 - INFO - main_window.py - Validation Handler: Turn: 7 | Feedback: ✅✅✅✅✅
12:18:04 - INFO - main_window.py - UI Display: Creating chat message for Screen-C >>>
12:18:04 - INFO - main_window.py - UI Display: Sender: SYSTEM | Message: Turn Number: 7

Feedback to your guess: ✅✅✅✅✅
12:18:04 - INFO - main_window.py - UI Display: Completed creating chat message in Screen-C <<<
12:18:04 - INFO - main_window.py - System Gameplay: User has cracked the system's code.
12:18:04 - INFO - main_window.py - System Gameplay: Displayed the System's Code: ['#FF0000', '#C0C0C0', '#808000', '#808000', '#FF0000']
12:18:04 - INFO - main_window.py - System Gameplay: Disabled the additional button in the System's Header slot.
12:18:04 - INFO - main_window.py - System Gameplay: Completed handling system code after user decode.
12:18:04 - INFO - main_window.py - Validation Handler: Number of turns taken by user to crack the code: 7
12:18:04 - INFO - main_window.py - UI Display: Creating chat message for Screen-C >>>
12:18:04 - INFO - main_window.py - UI Display: Sender: SYSTEM | Message: Well, well. You did it.
Who knew you would be able to crack my code!
12:18:04 - INFO - main_window.py - UI Display: Completed creating chat message in Screen-C <<<
12:18:04 - INFO - main_window.py - ---
12:18:04 - INFO - main_window.py - Gameflow Handler: Handling gameplay ending...
12:18:04 - INFO - main_window.py - Gameplay Handler: Turns taken by User to crack System's Code: 7
12:18:04 - INFO - main_window.py - Gameplay Handler: Turns taken by System to crack User's Code: 5
12:18:04 - INFO - main_window.py - Gameplay Handler: System won the game!
12:18:04 - INFO - main_window.py - UI Display: Creating chat message for Screen-C >>>
12:18:04 - INFO - main_window.py - UI Display: Sender: SYSTEM | Message: Turns taken by you to crack my code: 7

Turns taken by me to crack your code: 5
12:18:04 - INFO - main_window.py - UI Display: Completed creating chat message in Screen-C <<<
12:18:04 - INFO - main_window.py - UI Display: Creating chat message for Screen-C >>>
12:18:04 - INFO - main_window.py - UI Display: Sender: SYSTEM | Message: Yo! Told you, you had no chance against me.
I win. I GODDAMN win. Now go home and come back when you are ready!
12:18:04 - INFO - main_window.py - UI Display: Completed creating chat message in Screen-C <<<
12:18:04 - INFO - main_window.py - UI Display: Creating chat message for Screen-C >>>
12:18:04 - INFO - main_window.py - UI Display: Sender: SYSTEM | Message: In any case, it's GAME OVER.
So if you want to go back home, click on the EXIT button below.
Until next time!
12:18:04 - INFO - main_window.py - UI Display: Completed creating chat message in Screen-C <<<
12:18:04 - INFO - main_window.py - Gameflow Handler: Completed handling gameplay ending.
12:18:04 - INFO - main_window.py - ---
12:18:27 - INFO - main_window.py - Audio Handler: Sound Name: None
12:18:28 - INFO - main_window.py - ---
12:18:28 - INFO - main_window.py - UI Handler: User has clicked the EXIT ▶ button on Gameplay screento navigate to home screen.
12:18:28 - INFO - main_window.py - UI Handler: Handling home screen display >>>
12:18:28 - INFO - main_window.py - UI Handler: Cleared the Main Panel area.
12:18:28 - INFO - system_decoder.py - Util: SystemDecoder initialized.
12:18:28 - INFO - main_window.py - UI Handler: Completed resetting the App-State Variables.
12:18:28 - INFO - main_window.py - UI Handler: Completed handling home screen display <<<
12:18:28 - INFO - main_window.py - ---
12:18:29 - INFO - main_window.py - UI Display: Rendering home screen display...
12:18:29 - INFO - background.py - UI Background: Loading background image for HOME screen...
12:18:29 - INFO - background.py - Util: Converting relative path to absolute path...
12:18:29 - INFO - background.py - Util: Converted relative path to absolute path for the asset.
12:18:29 - INFO - background.py - UI Background: Loaded background image for HOME screen.
12:18:29 - INFO - main_window.py - UI Display: Loaded home screen content area.
12:18:29 - INFO - main_window.py - UI Display: Completed rendering home screen display.
12:18:29 - INFO - main_window.py - UI Display: Displaying home screen.
12:18:30 - INFO - background.py - Background: User has closed the application.
12:18:30 - INFO - background.py - Background: SuperMastermind application has stopped running.
12:18:30 - INFO - background.py - END
